// Jest Snapshot v1, https://goo.gl/fbAQLP

exports[`<Breadcrumbs/> render show final slug on top level page 1`] = `
<div
  className="breadcrumb__container"
>
  <UrlHelper
    className="breadcrumb__link breadcrumb__item"
    newTab={false}
    url="/"
  >
    AND Digital
  </UrlHelper>
  <span
    className="breadcrumb__slash"
  >
    /
  </span>
  <UrlHelper
    className="breadcrumb__link"
    key="/spotlight"
    newTab={false}
    url="/spotlight"
  >
    Spotlight
  </UrlHelper>
  <span
    className="breadcrumb__slash"
  >
    /
  </span>
  <UrlHelper
    className="breadcrumb__link"
    key="/spotlight/blog"
    newTab={false}
    url="/spotlight/blog"
  >
    Blog
  </UrlHelper>
</div>
`;

exports[`<Breadcrumbs/> render with default/required props 1`] = `
<div
  className="breadcrumb__container"
>
  <UrlHelper
    className="breadcrumb__link breadcrumb__item"
    newTab={false}
    url="/"
  >
    AND Digital
  </UrlHelper>
  <span
    className="breadcrumb__slash"
  >
    /
  </span>
  <UrlHelper
    className="breadcrumb__link"
    key="/spotlight"
    newTab={false}
    url="/spotlight"
  >
    Spotlight
  </UrlHelper>
  <span
    className="breadcrumb__slash"
  >
    /
  </span>
  <UrlHelper
    className="breadcrumb__link"
    key="/spotlight/blog"
    newTab={false}
    url="/spotlight/blog"
  >
    Blog
  </UrlHelper>
</div>
`;
